// Jest Snapshot v1, https://goo.gl/fbAQLP

exports[`AtImagePicker should render all nodes and match snapshot 1`] = `
<view class="at-image-picker">
  <view class="at-image-picker__flex-box">
    <view class="at-image-picker__flex-item">
      <view class="at-image-picker__item">
        <view class="at-image-picker__remove-btn"></view>
        <image class="at-image-picker__preview-img" mode="aspectFill" src="https://zos.alipayobjects.com/rmsportal/PZUUCKTRIHWiZSY.jpeg"></image>
        <view class="at-image-picker__upload-status">
          <view class="at-loading">
            <view class="at-loading__ring" style="border: 1px solid #fff; border-color: #fff transparent transparent transparent;"></view>
            <view class="at-loading__ring" style="border: 1px solid #fff; border-color: #fff transparent transparent transparent;"></view>
            <view class="at-loading__ring" style="border: 1px solid #fff; border-color: #fff transparent transparent transparent;"></view>
          </view>
        </view>
      </view>
    </view>
    <view class="at-image-picker__flex-item">
      <view class="at-image-picker__item">
        <view class="at-image-picker__remove-btn"></view>
        <image class="at-image-picker__preview-img" mode="aspectFill" src="https://zos.alipayobjects.com/rmsportal/hqQWgTXdrlmVVYi.jpeg"></image>
        <view class="at-image-picker__upload-status">
          <view class="at-image-picker__status-icon at-image-picker__status-icon--failed"></view>
        </view>
      </view>
    </view>
    <view class="at-image-picker__flex-item">
      <view class="at-image-picker__item">
        <view class="at-image-picker__remove-btn"></view>
        <image class="at-image-picker__preview-img" mode="aspectFill" src="https://zos.alipayobjects.com/rmsportal/PZUUCKTRIHWiZSY.jpeg"></image>
        <view class="at-image-picker__upload-status">
          <view class="at-loading">
            <view class="at-loading__ring" style="border: 1px solid #fff; border-color: #fff transparent transparent transparent;"></view>
            <view class="at-loading__ring" style="border: 1px solid #fff; border-color: #fff transparent transparent transparent;"></view>
            <view class="at-loading__ring" style="border: 1px solid #fff; border-color: #fff transparent transparent transparent;"></view>
          </view>
          <view class="at-image-picker__status-message at-image-picker__status-message--uploading">正在上传自定义消息</view>
        </view>
      </view>
    </view>
    <view class="at-image-picker__flex-item">
      <view class="at-image-picker__item">
        <view class="at-image-picker__remove-btn"></view>
        <image class="at-image-picker__preview-img" mode="aspectFill" src="https://zos.alipayobjects.com/rmsportal/PZUUCKTRIHWiZSY.jpeg"></image>
        <view class="at-image-picker__upload-status">
          <view class="at-image-picker__status-icon at-image-picker__status-icon--failed"></view>
          <view class="at-image-picker__status-message at-image-picker__status-message--failed">上传失败自定义消息</view>
        </view>
      </view>
    </view>
  </view>
  <view class="at-image-picker__flex-box">
    <view class="at-image-picker__flex-item">
      <view class="at-image-picker__item">
        <view class="at-image-picker__remove-btn"></view>
        <image class="at-image-picker__preview-img" mode="aspectFill" src="https://zos.alipayobjects.com/rmsportal/PZUUCKTRIHWiZSY.jpeg"></image>
      </view>
    </view>
    <view class="at-image-picker__flex-item">
      <view class="at-image-picker__item at-image-picker__choose-btn">
        <view class="add-bar"></view>
        <view class="add-bar"></view>
      </view>
    </view>
    <view class="at-image-picker__flex-item">
      <!---->
    </view>
    <view class="at-image-picker__flex-item">
      <!---->
    </view>
  </view>
</view>
`;
