// Jest Snapshot v1, https://goo.gl/fbAQLP

exports[`AtImagePicker should render default AtImagePicker 1`] = `
<view
  class="at-image-picker"
>
  <view
    class="at-image-picker__flex-box"
  >
    <view
      class="at-image-picker__flex-item"
    >
      <view
        class="at-image-picker__item at-image-picker__choose-btn"
      >
        <view
          class="add-bar"
        />
        <view
          class="add-bar"
        />
      </view>
    </view>
    <view
      class="at-image-picker__flex-item"
    >
      <!---->
    </view>
    <view
      class="at-image-picker__flex-item"
    >
      <!---->
    </view>
    <view
      class="at-image-picker__flex-item"
    >
      <!---->
    </view>
  </view>
</view>
`;

exports[`AtImagePicker should render prop -- class 1`] = `
<view
  class="test at-image-picker test"
>
  <view
    class="at-image-picker__flex-box"
  >
    <view
      class="at-image-picker__flex-item"
    >
      <view
        class="at-image-picker__item at-image-picker__choose-btn"
      >
        <view
          class="add-bar"
        />
        <view
          class="add-bar"
        />
      </view>
    </view>
    <view
      class="at-image-picker__flex-item"
    >
      <!---->
    </view>
    <view
      class="at-image-picker__flex-item"
    >
      <!---->
    </view>
    <view
      class="at-image-picker__flex-item"
    >
      <!---->
    </view>
  </view>
</view>
`;

exports[`AtImagePicker should render prop -- files 1`] = `
<view
  class="at-image-picker"
>
  <view
    class="at-image-picker__flex-box"
  >
    <view
      class="at-image-picker__flex-item"
    >
      <view
        class="at-image-picker__item"
      >
        <view
          class="at-image-picker__remove-btn"
        />
        <image
          class="at-image-picker__preview-img"
          mode="aspectFill"
          src="https://zos.alipayobjects.com/rmsportal/PZUUCKTRIHWiZSY.jpeg"
        />
      </view>
    </view>
    <view
      class="at-image-picker__flex-item"
    >
      <view
        class="at-image-picker__item"
      >
        <view
          class="at-image-picker__remove-btn"
        />
        <image
          class="at-image-picker__preview-img"
          mode="aspectFill"
          src="https://zos.alipayobjects.com/rmsportal/hqQWgTXdrlmVVYi.jpeg"
        />
      </view>
    </view>
    <view
      class="at-image-picker__flex-item"
    >
      <view
        class="at-image-picker__item"
      >
        <view
          class="at-image-picker__remove-btn"
        />
        <image
          class="at-image-picker__preview-img"
          mode="aspectFill"
          src="https://zos.alipayobjects.com/rmsportal/PZUUCKTRIHWiZSY.jpeg"
        />
      </view>
    </view>
    <view
      class="at-image-picker__flex-item"
    >
      <view
        class="at-image-picker__item"
      >
        <view
          class="at-image-picker__remove-btn"
        />
        <image
          class="at-image-picker__preview-img"
          mode="aspectFill"
          src="https://zos.alipayobjects.com/rmsportal/PZUUCKTRIHWiZSY.jpeg"
        />
      </view>
    </view>
  </view>
  <view
    class="at-image-picker__flex-box"
  >
    <view
      class="at-image-picker__flex-item"
    >
      <view
        class="at-image-picker__item"
      >
        <view
          class="at-image-picker__remove-btn"
        />
        <image
          class="at-image-picker__preview-img"
          mode="aspectFill"
          src="https://zos.alipayobjects.com/rmsportal/PZUUCKTRIHWiZSY.jpeg"
        />
      </view>
    </view>
    <view
      class="at-image-picker__flex-item"
    >
      <view
        class="at-image-picker__item at-image-picker__choose-btn"
      >
        <view
          class="add-bar"
        />
        <view
          class="add-bar"
        />
      </view>
    </view>
    <view
      class="at-image-picker__flex-item"
    >
      <!---->
    </view>
    <view
      class="at-image-picker__flex-item"
    >
      <!---->
    </view>
  </view>
</view>
`;

exports[`AtImagePicker should render prop -- length 1`] = `
<view
  class="at-image-picker"
>
  <view
    class="at-image-picker__flex-box"
  >
    <view
      class="at-image-picker__flex-item"
    >
      <view
        class="at-image-picker__item"
      >
        <view
          class="at-image-picker__remove-btn"
        />
        <image
          class="at-image-picker__preview-img"
          mode="aspectFill"
          src="https://zos.alipayobjects.com/rmsportal/PZUUCKTRIHWiZSY.jpeg"
        />
      </view>
    </view>
    <view
      class="at-image-picker__flex-item"
    >
      <view
        class="at-image-picker__item"
      >
        <view
          class="at-image-picker__remove-btn"
        />
        <image
          class="at-image-picker__preview-img"
          mode="aspectFill"
          src="https://zos.alipayobjects.com/rmsportal/hqQWgTXdrlmVVYi.jpeg"
        />
      </view>
    </view>
    <view
      class="at-image-picker__flex-item"
    >
      <view
        class="at-image-picker__item"
      >
        <view
          class="at-image-picker__remove-btn"
        />
        <image
          class="at-image-picker__preview-img"
          mode="aspectFill"
          src="https://zos.alipayobjects.com/rmsportal/PZUUCKTRIHWiZSY.jpeg"
        />
      </view>
    </view>
    <view
      class="at-image-picker__flex-item"
    >
      <view
        class="at-image-picker__item"
      >
        <view
          class="at-image-picker__remove-btn"
        />
        <image
          class="at-image-picker__preview-img"
          mode="aspectFill"
          src="https://zos.alipayobjects.com/rmsportal/PZUUCKTRIHWiZSY.jpeg"
        />
      </view>
    </view>
    <view
      class="at-image-picker__flex-item"
    >
      <view
        class="at-image-picker__item"
      >
        <view
          class="at-image-picker__remove-btn"
        />
        <image
          class="at-image-picker__preview-img"
          mode="aspectFill"
          src="https://zos.alipayobjects.com/rmsportal/PZUUCKTRIHWiZSY.jpeg"
        />
      </view>
    </view>
  </view>
  <view
    class="at-image-picker__flex-box"
  >
    <view
      class="at-image-picker__flex-item"
    >
      <view
        class="at-image-picker__item at-image-picker__choose-btn"
      >
        <view
          class="add-bar"
        />
        <view
          class="add-bar"
        />
      </view>
    </view>
    <view
      class="at-image-picker__flex-item"
    >
      <!---->
    </view>
    <view
      class="at-image-picker__flex-item"
    >
      <!---->
    </view>
    <view
      class="at-image-picker__flex-item"
    >
      <!---->
    </view>
    <view
      class="at-image-picker__flex-item"
    >
      <!---->
    </view>
  </view>
</view>
`;

exports[`AtImagePicker should render prop -- mode 1`] = `
<view
  class="at-image-picker"
>
  <view
    class="at-image-picker__flex-box"
  >
    <view
      class="at-image-picker__flex-item"
    >
      <view
        class="at-image-picker__item"
      >
        <view
          class="at-image-picker__remove-btn"
        />
        <image
          class="at-image-picker__preview-img"
          mode="top"
          src="https://zos.alipayobjects.com/rmsportal/PZUUCKTRIHWiZSY.jpeg"
        />
      </view>
    </view>
    <view
      class="at-image-picker__flex-item"
    >
      <view
        class="at-image-picker__item"
      >
        <view
          class="at-image-picker__remove-btn"
        />
        <image
          class="at-image-picker__preview-img"
          mode="top"
          src="https://zos.alipayobjects.com/rmsportal/hqQWgTXdrlmVVYi.jpeg"
        />
      </view>
    </view>
    <view
      class="at-image-picker__flex-item"
    >
      <view
        class="at-image-picker__item"
      >
        <view
          class="at-image-picker__remove-btn"
        />
        <image
          class="at-image-picker__preview-img"
          mode="top"
          src="https://zos.alipayobjects.com/rmsportal/PZUUCKTRIHWiZSY.jpeg"
        />
      </view>
    </view>
    <view
      class="at-image-picker__flex-item"
    >
      <view
        class="at-image-picker__item"
      >
        <view
          class="at-image-picker__remove-btn"
        />
        <image
          class="at-image-picker__preview-img"
          mode="top"
          src="https://zos.alipayobjects.com/rmsportal/PZUUCKTRIHWiZSY.jpeg"
        />
      </view>
    </view>
  </view>
  <view
    class="at-image-picker__flex-box"
  >
    <view
      class="at-image-picker__flex-item"
    >
      <view
        class="at-image-picker__item"
      >
        <view
          class="at-image-picker__remove-btn"
        />
        <image
          class="at-image-picker__preview-img"
          mode="top"
          src="https://zos.alipayobjects.com/rmsportal/PZUUCKTRIHWiZSY.jpeg"
        />
      </view>
    </view>
    <view
      class="at-image-picker__flex-item"
    >
      <view
        class="at-image-picker__item at-image-picker__choose-btn"
      >
        <view
          class="add-bar"
        />
        <view
          class="add-bar"
        />
      </view>
    </view>
    <view
      class="at-image-picker__flex-item"
    >
      <!---->
    </view>
    <view
      class="at-image-picker__flex-item"
    >
      <!---->
    </view>
  </view>
</view>
`;

exports[`AtImagePicker should render prop -- multiple 1`] = `
<view
  class="at-image-picker"
>
  <view
    class="at-image-picker__flex-box"
  >
    <view
      class="at-image-picker__flex-item"
    >
      <view
        class="at-image-picker__item"
      >
        <view
          class="at-image-picker__remove-btn"
        />
        <image
          class="at-image-picker__preview-img"
          mode="aspectFill"
          src="https://zos.alipayobjects.com/rmsportal/PZUUCKTRIHWiZSY.jpeg"
        />
      </view>
    </view>
    <view
      class="at-image-picker__flex-item"
    >
      <view
        class="at-image-picker__item"
      >
        <view
          class="at-image-picker__remove-btn"
        />
        <image
          class="at-image-picker__preview-img"
          mode="aspectFill"
          src="https://zos.alipayobjects.com/rmsportal/hqQWgTXdrlmVVYi.jpeg"
        />
      </view>
    </view>
    <view
      class="at-image-picker__flex-item"
    >
      <view
        class="at-image-picker__item"
      >
        <view
          class="at-image-picker__remove-btn"
        />
        <image
          class="at-image-picker__preview-img"
          mode="aspectFill"
          src="https://zos.alipayobjects.com/rmsportal/PZUUCKTRIHWiZSY.jpeg"
        />
      </view>
    </view>
    <view
      class="at-image-picker__flex-item"
    >
      <view
        class="at-image-picker__item"
      >
        <view
          class="at-image-picker__remove-btn"
        />
        <image
          class="at-image-picker__preview-img"
          mode="aspectFill"
          src="https://zos.alipayobjects.com/rmsportal/PZUUCKTRIHWiZSY.jpeg"
        />
      </view>
    </view>
  </view>
  <view
    class="at-image-picker__flex-box"
  >
    <view
      class="at-image-picker__flex-item"
    >
      <view
        class="at-image-picker__item"
      >
        <view
          class="at-image-picker__remove-btn"
        />
        <image
          class="at-image-picker__preview-img"
          mode="aspectFill"
          src="https://zos.alipayobjects.com/rmsportal/PZUUCKTRIHWiZSY.jpeg"
        />
      </view>
    </view>
    <view
      class="at-image-picker__flex-item"
    >
      <view
        class="at-image-picker__item at-image-picker__choose-btn"
      >
        <view
          class="add-bar"
        />
        <view
          class="add-bar"
        />
      </view>
    </view>
    <view
      class="at-image-picker__flex-item"
    >
      <!---->
    </view>
    <view
      class="at-image-picker__flex-item"
    >
      <!---->
    </view>
  </view>
</view>
`;

exports[`AtImagePicker should render prop -- showAddBtn 1`] = `
<view
  class="at-image-picker"
>
  <view
    class="at-image-picker__flex-box"
  >
    <view
      class="at-image-picker__flex-item"
    >
      <view
        class="at-image-picker__item"
      >
        <view
          class="at-image-picker__remove-btn"
        />
        <image
          class="at-image-picker__preview-img"
          mode="aspectFill"
          src="https://zos.alipayobjects.com/rmsportal/PZUUCKTRIHWiZSY.jpeg"
        />
      </view>
    </view>
    <view
      class="at-image-picker__flex-item"
    >
      <view
        class="at-image-picker__item"
      >
        <view
          class="at-image-picker__remove-btn"
        />
        <image
          class="at-image-picker__preview-img"
          mode="aspectFill"
          src="https://zos.alipayobjects.com/rmsportal/hqQWgTXdrlmVVYi.jpeg"
        />
      </view>
    </view>
    <view
      class="at-image-picker__flex-item"
    >
      <view
        class="at-image-picker__item"
      >
        <view
          class="at-image-picker__remove-btn"
        />
        <image
          class="at-image-picker__preview-img"
          mode="aspectFill"
          src="https://zos.alipayobjects.com/rmsportal/PZUUCKTRIHWiZSY.jpeg"
        />
      </view>
    </view>
    <view
      class="at-image-picker__flex-item"
    >
      <view
        class="at-image-picker__item"
      >
        <view
          class="at-image-picker__remove-btn"
        />
        <image
          class="at-image-picker__preview-img"
          mode="aspectFill"
          src="https://zos.alipayobjects.com/rmsportal/PZUUCKTRIHWiZSY.jpeg"
        />
      </view>
    </view>
  </view>
  <view
    class="at-image-picker__flex-box"
  >
    <view
      class="at-image-picker__flex-item"
    >
      <view
        class="at-image-picker__item"
      >
        <view
          class="at-image-picker__remove-btn"
        />
        <image
          class="at-image-picker__preview-img"
          mode="aspectFill"
          src="https://zos.alipayobjects.com/rmsportal/PZUUCKTRIHWiZSY.jpeg"
        />
      </view>
    </view>
    <view
      class="at-image-picker__flex-item"
    >
      <!---->
    </view>
    <view
      class="at-image-picker__flex-item"
    >
      <!---->
    </view>
    <view
      class="at-image-picker__flex-item"
    >
      <!---->
    </view>
  </view>
</view>
`;

exports[`AtImagePicker should render prop -- style 1`] = `
<view
  class="at-image-picker"
  style="color: red;"
>
  <view
    class="at-image-picker__flex-box"
  >
    <view
      class="at-image-picker__flex-item"
    >
      <view
        class="at-image-picker__item at-image-picker__choose-btn"
      >
        <view
          class="add-bar"
        />
        <view
          class="add-bar"
        />
      </view>
    </view>
    <view
      class="at-image-picker__flex-item"
    >
      <!---->
    </view>
    <view
      class="at-image-picker__flex-item"
    >
      <!---->
    </view>
    <view
      class="at-image-picker__flex-item"
    >
      <!---->
    </view>
  </view>
</view>
`;
